{
  "aio": {
    "uncompressed": {
      "runtime": 4325,
      "main": 462745,
      "polyfills": 33814,
      "styles": 73640,
      "light-theme": 78276,
      "dark-theme": 78381
    }
  },
  "aio-local": {
    "uncompressed": {
      "runtime": 4325,
      "main": 461251,
      "polyfills": 33922,
      "styles": 73640,
      "light-theme": 78276,
      "dark-theme": 78381
    }
  }
}
